# rel72 Gate 1 normal-lock failure — raw evidence
# Pegasus — 2026-10-01

=== PACKAGE STATE ===
libfprint-goodix51a0 1.94.100.goodix51a0-72
fprintd 1.94.5-72

=== PACKAGE INTEGRITY ===
libfprint-goodix51a0 : 39 fichiers au total, 0 fichier modifié
fprintd : 270 fichiers au total, 0 fichier modifié

=== SYSTEM FAILED ===
UNIT LOAD ACTIVE SUB DESCRIPTION

0 loaded units listed.

=== FPRINTD 12:51:03..12:52:30 ===
oct. 01 12:51:08.486071 Pegasus fprintd[128931]: GXFP51A0 target ACK diagnostic: no-irq retry cmd=0xa2 attempt=1/2
oct. 01 12:51:08.486081 Pegasus fprintd[128931]: GXFP51A0 protocol timing auto-calibration: 100% -> 150% after target-ack miss; session-local only
oct. 01 12:51:08.673871 Pegasus fprintd[128931]: GXFP51A0 target ACK diagnostic: no-irq retry cmd=0x82 attempt=1/2
oct. 01 12:51:08.673882 Pegasus fprintd[128931]: GXFP51A0 protocol timing auto-calibration: 150% -> 200% after target-ack miss; session-local only
oct. 01 12:51:08.837654 Pegasus fprintd[128931]: GXFP51A0 target ACK diagnostic: no-irq retry cmd=0xa6 attempt=1/2
oct. 01 12:51:08.837664 Pegasus fprintd[128931]: GXFP51A0 protocol timing auto-calibration: 200% -> 250% after target-ack miss; session-local only
oct. 01 12:51:09.010252 Pegasus fprintd[128931]: GXFP51A0 target ACK diagnostic: no-irq retry cmd=0xa2 attempt=1/2
oct. 01 12:51:09.010266 Pegasus fprintd[128931]: GXFP51A0 protocol timing auto-calibration: 250% -> 300% after target-ack miss; session-local only
oct. 01 12:51:09.210611 Pegasus fprintd[128931]: GXFP51A0 target ACK diagnostic: no-irq retry cmd=0x70 attempt=1/2
oct. 01 12:51:09.366951 Pegasus fprintd[128931]: GXFP51A0 target ACK diagnostic: no-irq retry cmd=0x80 attempt=1/2
oct. 01 12:51:09.524049 Pegasus fprintd[128931]: GXFP51A0 target ACK diagnostic: no-irq retry cmd=0x80 attempt=1/2
oct. 01 12:51:09.678965 Pegasus fprintd[128931]: GXFP51A0 target ACK diagnostic: no-irq retry cmd=0x80 attempt=1/2
oct. 01 12:51:09.833455 Pegasus fprintd[128931]: GXFP51A0 target ACK diagnostic: no-irq retry cmd=0x80 attempt=1/2
oct. 01 12:51:09.990450 Pegasus fprintd[128931]: GXFP51A0 target ACK diagnostic: no-irq retry cmd=0x90 attempt=1/2
oct. 01 12:51:10.322402 Pegasus fprintd[128931]: GXFP51A0 calibration waiting for sensor clear: mean=220 floor=340
oct. 01 12:51:12.214935 Pegasus fprintd[128931]: GXFP51A0 FDT probe retry: stage=ack attempt=1/3
oct. 01 12:51:12.340379 Pegasus fprintd[128931]: GXFP51A0 background contaminated by touch: mean=209 anchor=354 touch=0x3f; discarding
oct. 01 12:51:12.423504 Pegasus fprintd[128931]: GXFP51A0 calibration waiting for sensor clear: mean=208 anchor=354
oct. 01 12:51:14.900135 Pegasus fprintd[128931]: GXFP51A0 FDT probe retry: stage=ack attempt=1/3
oct. 01 12:51:15.025258 Pegasus fprintd[128931]: GXFP51A0 background contaminated by touch: mean=216 anchor=354 touch=0x3f; discarding
oct. 01 12:51:15.108428 Pegasus fprintd[128931]: GXFP51A0 calibration waiting for sensor clear: mean=215 anchor=354
oct. 01 12:51:16.996123 Pegasus fprintd[128931]: GXFP51A0 FDT probe retry: stage=ack attempt=1/3
oct. 01 12:51:17.120919 Pegasus fprintd[128931]: GXFP51A0 background contaminated by touch: mean=213 anchor=354 touch=0x3f; discarding
oct. 01 12:51:17.203923 Pegasus fprintd[128931]: GXFP51A0 calibration waiting for sensor clear: mean=212 anchor=354
oct. 01 12:51:18.797429 Pegasus fprintd[128931]: GXFP51A0 FDT probe retry: stage=ack attempt=1/3
oct. 01 12:51:19.293414 Pegasus fprintd[128931]: GXFP51A0 AUTH_TRACE WakeupMCU raw SPI write complete
oct. 01 12:51:19.293521 Pegasus fprintd[128931]: GXFP51A0 IDENTIFY_TRACE physical press 1/3 READY
oct. 01 12:51:19.488231 Pegasus fprintd[128931]: GXFP51A0 IDENTIFY_TRACE physical press 1/3 DETECTED_HOLD touch=0x3f zones=6 mean=242 drop=111
oct. 01 12:51:20.241710 Pegasus fprintd[128931]: GXFP51A0 GET_IMAGE had no ACK/TLS; retrying attempt=2/2
oct. 01 12:51:20.517597 Pegasus fprintd[128931]: GXFP51A0 AUTH_TRACE mode=identify same-press retry-assisted pacing applied before next image: 250% -> 300% (90000 us)
oct. 01 12:51:20.589611 Pegasus fprintd[128931]: GXFP51A0 AUTH_TRACE mode=identify same-press image 1/3 score=3 threshold=7 candidate=0
oct. 01 12:51:20.687943 Pegasus fprintd[128931]: GXFP51A0 VERIFY_TRACE same-press FDT mean=214 drop=138 floor=329 threshold_drop=30 touch=0x3f zones=6
oct. 01 12:51:20.687953 Pegasus fprintd[128931]: GXFP51A0 VERIFY_TRACE RetryCaptureIMG pacing barrier=90000 us
oct. 01 12:51:21.030812 Pegasus fprintd[128931]: GXFP51A0 AUTH_TRACE mode=identify same-press image 2/3 score=3 threshold=7 candidate=0
oct. 01 12:51:21.201395 Pegasus fprintd[128931]: GXFP51A0 FDT probe retry: stage=ack attempt=1/3
oct. 01 12:51:21.326320 Pegasus fprintd[128931]: GXFP51A0 VERIFY_TRACE same-press FDT mean=354 drop=0 floor=329 threshold_drop=30 touch=0x00 zones=0
oct. 01 12:51:21.326327 Pegasus fprintd[128931]: GXFP51A0 VERIFY_TRACE RetryCaptureIMG stopped: finger not detected on current press
oct. 01 12:51:22.101335 Pegasus fprintd[128931]: GXFP51A0 AUTH_TRACE mode=identify same-press completed images=2 best=3 threshold=7
oct. 01 12:51:22.139408 Pegasus fprintd[128931]: GXFP51A0 IDENTIFY_TRACE physical press 1/3 LIFT_NOW
oct. 01 12:51:22.421451 Pegasus fprintd[128931]: GXFP51A0 FDT probe retry: stage=ack attempt=1/3
oct. 01 12:51:22.630750 Pegasus fprintd[128931]: GXFP51A0 IDENTIFY_TRACE physical press 1/3 RELEASED
oct. 01 12:51:22.636008 Pegasus fprintd[128931]: GXFP51A0 AUTH_TRACE WakeupMCU raw SPI write complete
oct. 01 12:51:22.636022 Pegasus fprintd[128931]: GXFP51A0 AUTH_TRACE MCU rearmed after failed usable press before retry 2/3
oct. 01 12:51:22.636060 Pegasus fprintd[128931]: GXFP51A0 IDENTIFY_TRACE physical press 2/3 READY

=== LOCK/PAM/LIFECYCLE WINDOW ===
oct. 01 12:51:04.759015 Pegasus kscreenlocker_greet[136912]: Icon theme "Numix-Circle" not found.
oct. 01 12:51:08.486071 Pegasus fprintd[128931]: GXFP51A0 target ACK diagnostic: no-irq retry cmd=0xa2 attempt=1/2
oct. 01 12:51:08.486081 Pegasus fprintd[128931]: GXFP51A0 protocol timing auto-calibration: 100% -> 150% after target-ack miss; session-local only
oct. 01 12:51:08.673871 Pegasus fprintd[128931]: GXFP51A0 target ACK diagnostic: no-irq retry cmd=0x82 attempt=1/2
oct. 01 12:51:08.673882 Pegasus fprintd[128931]: GXFP51A0 protocol timing auto-calibration: 150% -> 200% after target-ack miss; session-local only
oct. 01 12:51:08.837654 Pegasus fprintd[128931]: GXFP51A0 target ACK diagnostic: no-irq retry cmd=0xa6 attempt=1/2
oct. 01 12:51:08.837664 Pegasus fprintd[128931]: GXFP51A0 protocol timing auto-calibration: 200% -> 250% after target-ack miss; session-local only
oct. 01 12:51:09.010252 Pegasus fprintd[128931]: GXFP51A0 target ACK diagnostic: no-irq retry cmd=0xa2 attempt=1/2
oct. 01 12:51:09.010266 Pegasus fprintd[128931]: GXFP51A0 protocol timing auto-calibration: 250% -> 300% after target-ack miss; session-local only
oct. 01 12:51:09.210611 Pegasus fprintd[128931]: GXFP51A0 target ACK diagnostic: no-irq retry cmd=0x70 attempt=1/2
oct. 01 12:51:09.366951 Pegasus fprintd[128931]: GXFP51A0 target ACK diagnostic: no-irq retry cmd=0x80 attempt=1/2
oct. 01 12:51:09.524049 Pegasus fprintd[128931]: GXFP51A0 target ACK diagnostic: no-irq retry cmd=0x80 attempt=1/2
oct. 01 12:51:09.678965 Pegasus fprintd[128931]: GXFP51A0 target ACK diagnostic: no-irq retry cmd=0x80 attempt=1/2
oct. 01 12:51:09.833455 Pegasus fprintd[128931]: GXFP51A0 target ACK diagnostic: no-irq retry cmd=0x80 attempt=1/2
oct. 01 12:51:09.990450 Pegasus fprintd[128931]: GXFP51A0 target ACK diagnostic: no-irq retry cmd=0x90 attempt=1/2
oct. 01 12:51:10.322402 Pegasus fprintd[128931]: GXFP51A0 calibration waiting for sensor clear: mean=220 floor=340
oct. 01 12:51:12.214935 Pegasus fprintd[128931]: GXFP51A0 FDT probe retry: stage=ack attempt=1/3
oct. 01 12:51:12.340379 Pegasus fprintd[128931]: GXFP51A0 background contaminated by touch: mean=209 anchor=354 touch=0x3f; discarding
oct. 01 12:51:12.423504 Pegasus fprintd[128931]: GXFP51A0 calibration waiting for sensor clear: mean=208 anchor=354
oct. 01 12:51:14.900135 Pegasus fprintd[128931]: GXFP51A0 FDT probe retry: stage=ack attempt=1/3
oct. 01 12:51:15.025258 Pegasus fprintd[128931]: GXFP51A0 background contaminated by touch: mean=216 anchor=354 touch=0x3f; discarding
oct. 01 12:51:15.108428 Pegasus fprintd[128931]: GXFP51A0 calibration waiting for sensor clear: mean=215 anchor=354
oct. 01 12:51:16.996123 Pegasus fprintd[128931]: GXFP51A0 FDT probe retry: stage=ack attempt=1/3
oct. 01 12:51:17.120919 Pegasus fprintd[128931]: GXFP51A0 background contaminated by touch: mean=213 anchor=354 touch=0x3f; discarding
oct. 01 12:51:17.203923 Pegasus fprintd[128931]: GXFP51A0 calibration waiting for sensor clear: mean=212 anchor=354
oct. 01 12:51:18.797429 Pegasus fprintd[128931]: GXFP51A0 FDT probe retry: stage=ack attempt=1/3
oct. 01 12:51:19.293414 Pegasus fprintd[128931]: GXFP51A0 AUTH_TRACE WakeupMCU raw SPI write complete
oct. 01 12:51:19.293521 Pegasus fprintd[128931]: GXFP51A0 IDENTIFY_TRACE physical press 1/3 READY
oct. 01 12:51:19.488231 Pegasus fprintd[128931]: GXFP51A0 IDENTIFY_TRACE physical press 1/3 DETECTED_HOLD touch=0x3f zones=6 mean=242 drop=111
oct. 01 12:51:20.241710 Pegasus fprintd[128931]: GXFP51A0 GET_IMAGE had no ACK/TLS; retrying attempt=2/2
oct. 01 12:51:20.517597 Pegasus fprintd[128931]: GXFP51A0 AUTH_TRACE mode=identify same-press retry-assisted pacing applied before next image: 250% -> 300% (90000 us)
oct. 01 12:51:20.589611 Pegasus fprintd[128931]: GXFP51A0 AUTH_TRACE mode=identify same-press image 1/3 score=3 threshold=7 candidate=0
oct. 01 12:51:20.687943 Pegasus fprintd[128931]: GXFP51A0 VERIFY_TRACE same-press FDT mean=214 drop=138 floor=329 threshold_drop=30 touch=0x3f zones=6
oct. 01 12:51:20.687953 Pegasus fprintd[128931]: GXFP51A0 VERIFY_TRACE RetryCaptureIMG pacing barrier=90000 us
oct. 01 12:51:21.030812 Pegasus fprintd[128931]: GXFP51A0 AUTH_TRACE mode=identify same-press image 2/3 score=3 threshold=7 candidate=0
oct. 01 12:51:21.201395 Pegasus fprintd[128931]: GXFP51A0 FDT probe retry: stage=ack attempt=1/3
oct. 01 12:51:21.326320 Pegasus fprintd[128931]: GXFP51A0 VERIFY_TRACE same-press FDT mean=354 drop=0 floor=329 threshold_drop=30 touch=0x00 zones=0
oct. 01 12:51:21.326327 Pegasus fprintd[128931]: GXFP51A0 VERIFY_TRACE RetryCaptureIMG stopped: finger not detected on current press
oct. 01 12:51:22.101335 Pegasus fprintd[128931]: GXFP51A0 AUTH_TRACE mode=identify same-press completed images=2 best=3 threshold=7
oct. 01 12:51:22.139408 Pegasus fprintd[128931]: GXFP51A0 IDENTIFY_TRACE physical press 1/3 LIFT_NOW
oct. 01 12:51:22.421451 Pegasus fprintd[128931]: GXFP51A0 FDT probe retry: stage=ack attempt=1/3
oct. 01 12:51:22.630750 Pegasus fprintd[128931]: GXFP51A0 IDENTIFY_TRACE physical press 1/3 RELEASED
oct. 01 12:51:22.636008 Pegasus fprintd[128931]: GXFP51A0 AUTH_TRACE WakeupMCU raw SPI write complete
oct. 01 12:51:22.636022 Pegasus fprintd[128931]: GXFP51A0 AUTH_TRACE MCU rearmed after failed usable press before retry 2/3
oct. 01 12:51:22.636060 Pegasus fprintd[128931]: GXFP51A0 IDENTIFY_TRACE physical press 2/3 READY
oct. 01 12:51:34.868207 Pegasus sudo[137037]: pam_unix(sudo:session): session opened for user root(uid=0) by arezki(uid=1000)
oct. 01 12:51:34.922746 Pegasus sudo[137037]: pam_unix(sudo:session): session closed for user root
oct. 01 12:52:09.867273 Pegasus sudo[137165]: pam_unix(sudo:session): session opened for user root(uid=0) by arezki(uid=1000)
oct. 01 12:52:09.914052 Pegasus sudo[137165]: pam_unix(sudo:session): session closed for user root

=== POST-UNLOCK DBUS DEVICE STATE ===
NAME                    TYPE     SIGNATURE RESULT/VALUE                                 FLAGS
.Claim                  method   s         -                                            -
.DeleteEnrolledFinger   method   s         -                                            -
.DeleteEnrolledFingers  method   s         -                                            -
.DeleteEnrolledFingers2 method   -         -                                            -
.EnrollStart            method   s         -                                            -
.EnrollStop             method   -         -                                            -
.ListEnrolledFingers    method   s         as                                           -
.Release                method   -         -                                            -
.VerifyStart            method   s         -                                            -
.VerifyStop             method   -         -                                            -
.finger-needed          property b         false                                        emits-change
.finger-present         property b         false                                        emits-change
.name                   property s         "Goodix GXFP51A0 SPI (ST411 / experimental)" emits-change
.num-enroll-stages      property i         21                                           emits-change
.scan-type              property s         "press"                                      emits-change
.EnrollStatus           signal   sb        -                                            -
.VerifyFingerSelected   signal   s         -                                            -
.VerifyStatus           signal   sb        -                                            -

=== ENROLLMENTS ===
found 1 devices
Device at /net/reactivated/Fprint/Device/0
Using device /net/reactivated/Fprint/Device/0
Fingerprints for user arezki on Goodix GXFP51A0 SPI (ST411 / experimental) (press):
 - #0: right-index-finger
 - #1: left-index-finger
 - #2: right-middle-finger
